00:40:19 [types] Generated 190ms
00:40:19 [check] Getting diagnostics for Astro files in C:\Users\Jibrail\Desktop\LeMondeDeCamilou...
[96msrc/layouts/Layout.astro[0m:[93m47[0m:[93m13[0m - [93mwarning[0m[90m astro(4000): [0mThis script will be treated as if it has the `is:inline` directive because it contains an attribute. Therefore, features that require processing (e.g. using TypeScript or npm packages in the script) are unavailable.

See docs for more details: https://docs.astro.build/en/guides/client-side-scripts/#script-processing.

Add the `is:inline` directive explicitly to silence this hint.

[7m47[0m     <script type="application/ld+json" set:html={JSON.stringify({
[7m  [0m [93m            ~~~~[0m

[96msrc/pages/contact.astro[0m:[93m980[0m:[93m27[0m - [91merror[0m[90m ts(2339): [0mProperty 'disabled' does not exist on type 'Element'.

[7m980[0m                 submitBtn.disabled = false;
[7m   [0m [91m                          ~~~~~~~~[0m
[96msrc/pages/contact.astro[0m:[93m980[0m:[93m17[0m - [91merror[0m[90m ts(18047): [0m'submitBtn' is possibly 'null'.

[7m980[0m                 submitBtn.disabled = false;
[7m   [0m [91m                ~~~~~~~~~[0m
[96msrc/pages/contact.astro[0m:[93m979[0m:[93m17[0m - [91merror[0m[90m ts(18047): [0m'submitBtn' is possibly 'null'.

[7m979[0m                 submitBtn.innerHTML = originalText;
[7m   [0m [91m                ~~~~~~~~~[0m
[96msrc/pages/contact.astro[0m:[93m970[0m:[93m27[0m - [91merror[0m[90m ts(2339): [0mProperty 'disabled' does not exist on type 'Element'.

[7m970[0m                 submitBtn.disabled = true;
[7m   [0m [91m                          ~~~~~~~~[0m
[96msrc/pages/contact.astro[0m:[93m970[0m:[93m17[0m - [91merror[0m[90m ts(18047): [0m'submitBtn' is possibly 'null'.

[7m970[0m                 submitBtn.disabled = true;
[7m   [0m [91m                ~~~~~~~~~[0m
[96msrc/pages/contact.astro[0m:[93m968[0m:[93m17[0m - [91merror[0m[90m ts(18047): [0m'submitBtn' is possibly 'null'.

[7m968[0m                 submitBtn.innerHTML =
[7m   [0m [91m                ~~~~~~~~~[0m
[96msrc/pages/contact.astro[0m:[93m967[0m:[93m38[0m - [91merror[0m[90m ts(18047): [0m'submitBtn' is possibly 'null'.

[7m967[0m                 const originalText = submitBtn.innerHTML;
[7m   [0m [91m                                     ~~~~~~~~~[0m

[96msrc/pages/evenements.astro[0m:[93m215[0m:[93m9[0m - [93mwarning[0m[90m astro(4000): [0mThis script will be treated as if it has the `is:inline` directive because it contains an attribute. Therefore, features that require processing (e.g. using TypeScript or npm packages in the script) are unavailable.

See docs for more details: https://docs.astro.build/en/guides/client-side-scripts/#script-processing.

Add the `is:inline` directive explicitly to silence this hint.

[7m215[0m         type="application/ld+json"
[7m   [0m [93m        ~~~~[0m

[96msrc/pages/services.astro[0m:[93m65[0m:[93m9[0m - [93mwarning[0m[90m astro(4000): [0mThis script will be treated as if it has the `is:inline` directive because it contains an attribute. Therefore, features that require processing (e.g. using TypeScript or npm packages in the script) are unavailable.

See docs for more details: https://docs.astro.build/en/guides/client-side-scripts/#script-processing.

Add the `is:inline` directive explicitly to silence this hint.

[7m65[0m         type="application/ld+json"
[7m  [0m [93m        ~~~~[0m

Result (22 files): 
- 7 errors
- 0 warnings
- 3 hints

